   Γû▓ Next.js 15.5.12
   - Environments: .env.local, .env

   Creating an optimized production build ...
Failed to compile.

./src/app/api/livekit/token/route.ts
Module not found: Can't resolve 'livekit-server-sdk'

https://nextjs.org/docs/messages/module-not-found


> Build failed because of webpack errors
